src/app/api/admin/diet-plans/route.ts(38,60): error TS2339: Property 'errors' does not exist on type 'ZodError<{ memberId: string; planName: string; meals: { time: string; items: string[]; calories?: number | undefined; }[]; description?: string | undefined; }>'.
src/app/api/admin/fee-packages/route.ts(30,60): error TS2339: Property 'errors' does not exist on type 'ZodError<{ name: string; amount: number; durationInMonths: number; description?: string | undefined; }>'.
src/app/api/admin/members/[id]/route.ts(45,60): error TS2339: Property 'errors' does not exist on type 'ZodError<{ phone?: string | undefined; gender?: "male" | "female" | "other" | undefined; status?: "active" | "inactive" | "expired" | undefined; packageId?: string | undefined; }>'.
src/app/api/admin/members/route.ts(55,60): error TS2339: Property 'errors' does not exist on type 'ZodError<{ name: string; email: string; phone: string; password?: string | undefined; gender?: "male" | "female" | "other" | undefined; joiningDate?: string | undefined; packageId?: string | undefined; }>'.
src/app/api/admin/payments/route.ts(39,60): error TS2339: Property 'errors' does not exist on type 'ZodError<{ memberId: string; amount: number; paymentMethod: "cash" | "upi" | "card" | "bank_transfer"; type: "fee" | "store_purchase"; transactionId?: string | undefined; notes?: string | undefined; }>'.
src/app/api/admin/supplements/route.ts(33,60): error TS2339: Property 'errors' does not exist on type 'ZodError<{ name: string; brand: string; price: number; stock: number; category: string; description?: string | undefined; image?: string | undefined; }>'.
src/app/api/auth/login/route.ts(21,39): error TS2339: Property 'errors' does not exist on type 'ZodError<{ email: string; password: string; }>'.
src/app/api/auth/register/route.ts(22,39): error TS2339: Property 'errors' does not exist on type 'ZodError<{ name: string; email: string; password: string; }>'.
